// Jest Snapshot v1, https://goo.gl/fbAQLP

exports[`FilterResult should match snapshot 1`] = `ShallowWrapper {}`;
